package x1.scalaclean.test.rules.privatiser.withannotation

object Entry extends App {
  (new Entry).foo
}
@deprecated
private[withannotation] class Entry {
  @deprecated
  private[withannotation] def foo:Int = foo+1
}